------------------------------------------------------------
TimeQuest Timing Analyzer Summary
------------------------------------------------------------

Type  : Slow 1200mV 85C Model Setup 'u0|pcie_ip|pcie_internal_hip|cyclone_iii.cycloneiv_hssi_pcie_hip|coreclkout'
Slack : -0.241
TNS   : -10.394

Type  : Slow 1200mV 85C Model Setup 'u0|altpll_qsys|sd1|pll7|clk[0]'
Slack : 0.032
TNS   : 0.000

Type  : Slow 1200mV 85C Model Setup 'n/a'
Slack : 13.752
TNS   : 0.000

Type  : Slow 1200mV 85C Model Setup 'clock_50_1'
Slack : 16.681
TNS   : 0.000

Type  : Slow 1200mV 85C Model Setup 'u0|altpll_qsys|sd1|pll7|clk[2]'
Slack : 29.524
TNS   : 0.000

Type  : Slow 1200mV 85C Model Setup 'vga_clk'
Slack : 34.098
TNS   : 0.000

Type  : Slow 1200mV 85C Model Hold 'u0|altpll_qsys|sd1|pll7|clk[0]'
Slack : 0.248
TNS   : 0.000

Type  : Slow 1200mV 85C Model Hold 'u0|pcie_ip|pcie_internal_hip|cyclone_iii.cycloneiv_hssi_pcie_hip|coreclkout'
Slack : 0.256
TNS   : 0.000

Type  : Slow 1200mV 85C Model Hold 'u0|altpll_qsys|sd1|pll7|clk[2]'
Slack : 0.392
TNS   : 0.000

Type  : Slow 1200mV 85C Model Hold 'clock_50_1'
Slack : 0.398
TNS   : 0.000

Type  : Slow 1200mV 85C Model Hold 'vga_clk'
Slack : 3.300
TNS   : 0.000

Type  : Slow 1200mV 85C Model Hold 'n/a'
Slack : 5.873
TNS   : 0.000

Type  : Slow 1200mV 85C Model Recovery 'u0|altpll_qsys|sd1|pll7|clk[0]'
Slack : 2.303
TNS   : 0.000

Type  : Slow 1200mV 85C Model Recovery 'u0|altpll_qsys|sd1|pll7|clk[2]'
Slack : 2.680
TNS   : 0.000

Type  : Slow 1200mV 85C Model Recovery 'u0|pcie_ip|pcie_internal_hip|cyclone_iii.cycloneiv_hssi_pcie_hip|coreclkout'
Slack : 3.610
TNS   : 0.000

Type  : Slow 1200mV 85C Model Removal 'u0|pcie_ip|pcie_internal_hip|cyclone_iii.cycloneiv_hssi_pcie_hip|coreclkout'
Slack : 1.030
TNS   : 0.000

Type  : Slow 1200mV 85C Model Removal 'u0|altpll_qsys|sd1|pll7|clk[2]'
Slack : 1.194
TNS   : 0.000

Type  : Slow 1200mV 85C Model Removal 'u0|altpll_qsys|sd1|pll7|clk[0]'
Slack : 2.720
TNS   : 0.000

Type  : Slow 1200mV 85C Model Minimum Pulse Width 'u0|pcie_ip|altgx_internal|de2i_150_qsys_pcie_ip_altgx_internal_alt_c3gxb_u7h8_component|transmit_pcs0|hiptxclkout'
Slack : 2.000
TNS   : 0.000

Type  : Slow 1200mV 85C Model Minimum Pulse Width 'u0|pcie_ip|altgx_internal|de2i_150_qsys_pcie_ip_altgx_internal_alt_c3gxb_u7h8_component|transmit_pma0|clockout'
Slack : 2.000
TNS   : 0.000

Type  : Slow 1200mV 85C Model Minimum Pulse Width 'u0|altpll_qsys|sd1|pll7|clk[0]'
Slack : 2.935
TNS   : 0.000

Type  : Slow 1200mV 85C Model Minimum Pulse Width 'u0|pcie_ip|pcie_internal_hip|cyclone_iii.cycloneiv_hssi_pcie_hip|coreclkout'
Slack : 3.574
TNS   : 0.000

Type  : Slow 1200mV 85C Model Minimum Pulse Width 'u0|pcie_ip|pcie_internal_hip|cyclone_iii.cycloneiv_hssi_pcie_hip|pclkch0'
Slack : 3.977
TNS   : 0.000

Type  : Slow 1200mV 85C Model Minimum Pulse Width 'pcie_ref_clk'
Slack : 4.813
TNS   : 0.000

Type  : Slow 1200mV 85C Model Minimum Pulse Width 'clock_50_1'
Slack : 9.772
TNS   : 0.000

Type  : Slow 1200mV 85C Model Minimum Pulse Width 'clock_50_2'
Slack : 16.000
TNS   : 0.000

Type  : Slow 1200mV 85C Model Minimum Pulse Width 'clock_50_3'
Slack : 16.000
TNS   : 0.000

Type  : Slow 1200mV 85C Model Minimum Pulse Width 'u0|altpll_qsys|sd1|pll7|clk[2]'
Slack : 19.623
TNS   : 0.000

Type  : Slow 1200mV 85C Model Minimum Pulse Width 'vga_clk'
Slack : 35.790
TNS   : 0.000

Type  : Slow 1200mV 0C Model Setup 'u0|pcie_ip|pcie_internal_hip|cyclone_iii.cycloneiv_hssi_pcie_hip|coreclkout'
Slack : 0.457
TNS   : 0.000

Type  : Slow 1200mV 0C Model Setup 'u0|altpll_qsys|sd1|pll7|clk[0]'
Slack : 0.614
TNS   : 0.000

Type  : Slow 1200mV 0C Model Setup 'n/a'
Slack : 14.251
TNS   : 0.000

Type  : Slow 1200mV 0C Model Setup 'clock_50_1'
Slack : 17.026
TNS   : 0.000

Type  : Slow 1200mV 0C Model Setup 'u0|altpll_qsys|sd1|pll7|clk[2]'
Slack : 30.414
TNS   : 0.000

Type  : Slow 1200mV 0C Model Setup 'vga_clk'
Slack : 34.642
TNS   : 0.000

Type  : Slow 1200mV 0C Model Hold 'u0|pcie_ip|pcie_internal_hip|cyclone_iii.cycloneiv_hssi_pcie_hip|coreclkout'
Slack : 0.253
TNS   : 0.000

Type  : Slow 1200mV 0C Model Hold 'u0|altpll_qsys|sd1|pll7|clk[0]'
Slack : 0.254
TNS   : 0.000

Type  : Slow 1200mV 0C Model Hold 'u0|altpll_qsys|sd1|pll7|clk[2]'
Slack : 0.344
TNS   : 0.000

Type  : Slow 1200mV 0C Model Hold 'clock_50_1'
Slack : 0.356
TNS   : 0.000

Type  : Slow 1200mV 0C Model Hold 'vga_clk'
Slack : 2.839
TNS   : 0.000

Type  : Slow 1200mV 0C Model Hold 'n/a'
Slack : 5.352
TNS   : 0.000

Type  : Slow 1200mV 0C Model Recovery 'u0|altpll_qsys|sd1|pll7|clk[0]'
Slack : 2.698
TNS   : 0.000

Type  : Slow 1200mV 0C Model Recovery 'u0|altpll_qsys|sd1|pll7|clk[2]'
Slack : 3.070
TNS   : 0.000

Type  : Slow 1200mV 0C Model Recovery 'u0|pcie_ip|pcie_internal_hip|cyclone_iii.cycloneiv_hssi_pcie_hip|coreclkout'
Slack : 4.027
TNS   : 0.000

Type  : Slow 1200mV 0C Model Removal 'u0|pcie_ip|pcie_internal_hip|cyclone_iii.cycloneiv_hssi_pcie_hip|coreclkout'
Slack : 0.938
TNS   : 0.000

Type  : Slow 1200mV 0C Model Removal 'u0|altpll_qsys|sd1|pll7|clk[2]'
Slack : 1.099
TNS   : 0.000

Type  : Slow 1200mV 0C Model Removal 'u0|altpll_qsys|sd1|pll7|clk[0]'
Slack : 2.421
TNS   : 0.000

Type  : Slow 1200mV 0C Model Minimum Pulse Width 'u0|pcie_ip|altgx_internal|de2i_150_qsys_pcie_ip_altgx_internal_alt_c3gxb_u7h8_component|transmit_pcs0|hiptxclkout'
Slack : 2.000
TNS   : 0.000

Type  : Slow 1200mV 0C Model Minimum Pulse Width 'u0|pcie_ip|altgx_internal|de2i_150_qsys_pcie_ip_altgx_internal_alt_c3gxb_u7h8_component|transmit_pma0|clockout'
Slack : 2.000
TNS   : 0.000

Type  : Slow 1200mV 0C Model Minimum Pulse Width 'u0|altpll_qsys|sd1|pll7|clk[0]'
Slack : 2.931
TNS   : 0.000

Type  : Slow 1200mV 0C Model Minimum Pulse Width 'u0|pcie_ip|pcie_internal_hip|cyclone_iii.cycloneiv_hssi_pcie_hip|coreclkout'
Slack : 3.524
TNS   : 0.000

Type  : Slow 1200mV 0C Model Minimum Pulse Width 'u0|pcie_ip|pcie_internal_hip|cyclone_iii.cycloneiv_hssi_pcie_hip|pclkch0'
Slack : 3.971
TNS   : 0.000

Type  : Slow 1200mV 0C Model Minimum Pulse Width 'pcie_ref_clk'
Slack : 4.811
TNS   : 0.000

Type  : Slow 1200mV 0C Model Minimum Pulse Width 'clock_50_1'
Slack : 9.769
TNS   : 0.000

Type  : Slow 1200mV 0C Model Minimum Pulse Width 'clock_50_2'
Slack : 16.000
TNS   : 0.000

Type  : Slow 1200mV 0C Model Minimum Pulse Width 'clock_50_3'
Slack : 16.000
TNS   : 0.000

Type  : Slow 1200mV 0C Model Minimum Pulse Width 'u0|altpll_qsys|sd1|pll7|clk[2]'
Slack : 19.617
TNS   : 0.000

Type  : Slow 1200mV 0C Model Minimum Pulse Width 'vga_clk'
Slack : 35.790
TNS   : 0.000

Type  : Fast 1200mV 0C Model Setup 'u0|altpll_qsys|sd1|pll7|clk[0]'
Slack : 3.336
TNS   : 0.000

Type  : Fast 1200mV 0C Model Setup 'u0|pcie_ip|pcie_internal_hip|cyclone_iii.cycloneiv_hssi_pcie_hip|coreclkout'
Slack : 3.875
TNS   : 0.000

Type  : Fast 1200mV 0C Model Setup 'n/a'
Slack : 16.753
TNS   : 0.000

Type  : Fast 1200mV 0C Model Setup 'clock_50_1'
Slack : 18.346
TNS   : 0.000

Type  : Fast 1200mV 0C Model Setup 'u0|altpll_qsys|sd1|pll7|clk[2]'
Slack : 34.832
TNS   : 0.000

Type  : Fast 1200mV 0C Model Setup 'vga_clk'
Slack : 37.715
TNS   : 0.000

Type  : Fast 1200mV 0C Model Hold 'u0|altpll_qsys|sd1|pll7|clk[0]'
Slack : 0.084
TNS   : 0.000

Type  : Fast 1200mV 0C Model Hold 'u0|pcie_ip|pcie_internal_hip|cyclone_iii.cycloneiv_hssi_pcie_hip|coreclkout'
Slack : 0.084
TNS   : 0.000

Type  : Fast 1200mV 0C Model Hold 'u0|altpll_qsys|sd1|pll7|clk[2]'
Slack : 0.175
TNS   : 0.000

Type  : Fast 1200mV 0C Model Hold 'clock_50_1'
Slack : 0.182
TNS   : 0.000

Type  : Fast 1200mV 0C Model Hold 'vga_clk'
Slack : 0.725
TNS   : 0.000

Type  : Fast 1200mV 0C Model Hold 'n/a'
Slack : 2.969
TNS   : 0.000

Type  : Fast 1200mV 0C Model Recovery 'u0|altpll_qsys|sd1|pll7|clk[0]'
Slack : 4.365
TNS   : 0.000

Type  : Fast 1200mV 0C Model Recovery 'u0|altpll_qsys|sd1|pll7|clk[2]'
Slack : 4.557
TNS   : 0.000

Type  : Fast 1200mV 0C Model Recovery 'u0|pcie_ip|pcie_internal_hip|cyclone_iii.cycloneiv_hssi_pcie_hip|coreclkout'
Slack : 5.667
TNS   : 0.000

Type  : Fast 1200mV 0C Model Removal 'u0|pcie_ip|pcie_internal_hip|cyclone_iii.cycloneiv_hssi_pcie_hip|coreclkout'
Slack : 0.490
TNS   : 0.000

Type  : Fast 1200mV 0C Model Removal 'u0|altpll_qsys|sd1|pll7|clk[2]'
Slack : 0.560
TNS   : 0.000

Type  : Fast 1200mV 0C Model Removal 'u0|altpll_qsys|sd1|pll7|clk[0]'
Slack : 1.510
TNS   : 0.000

Type  : Fast 1200mV 0C Model Minimum Pulse Width 'u0|pcie_ip|altgx_internal|de2i_150_qsys_pcie_ip_altgx_internal_alt_c3gxb_u7h8_component|transmit_pcs0|hiptxclkout'
Slack : 2.000
TNS   : 0.000

Type  : Fast 1200mV 0C Model Minimum Pulse Width 'u0|pcie_ip|altgx_internal|de2i_150_qsys_pcie_ip_altgx_internal_alt_c3gxb_u7h8_component|transmit_pma0|clockout'
Slack : 2.000
TNS   : 0.000

Type  : Fast 1200mV 0C Model Minimum Pulse Width 'u0|altpll_qsys|sd1|pll7|clk[0]'
Slack : 3.060
TNS   : 0.000

Type  : Fast 1200mV 0C Model Minimum Pulse Width 'u0|pcie_ip|pcie_internal_hip|cyclone_iii.cycloneiv_hssi_pcie_hip|coreclkout'
Slack : 3.685
TNS   : 0.000

Type  : Fast 1200mV 0C Model Minimum Pulse Width 'u0|pcie_ip|pcie_internal_hip|cyclone_iii.cycloneiv_hssi_pcie_hip|pclkch0'
Slack : 3.994
TNS   : 0.000

Type  : Fast 1200mV 0C Model Minimum Pulse Width 'pcie_ref_clk'
Slack : 4.570
TNS   : 0.000

Type  : Fast 1200mV 0C Model Minimum Pulse Width 'clock_50_1'
Slack : 9.312
TNS   : 0.000

Type  : Fast 1200mV 0C Model Minimum Pulse Width 'clock_50_2'
Slack : 16.000
TNS   : 0.000

Type  : Fast 1200mV 0C Model Minimum Pulse Width 'clock_50_3'
Slack : 16.000
TNS   : 0.000

Type  : Fast 1200mV 0C Model Minimum Pulse Width 'u0|altpll_qsys|sd1|pll7|clk[2]'
Slack : 19.730
TNS   : 0.000

Type  : Fast 1200mV 0C Model Minimum Pulse Width 'vga_clk'
Slack : 36.000
TNS   : 0.000

------------------------------------------------------------
